// Jest Snapshot v1, https://goo.gl/fbAQLP

exports[`CalendarDay renders correctly 1`] = `
<td
  className="calendar-day"
  onClick={[Function]}
>
  <span>
    1
  </span>
  <div
    className="calendar-day__events"
  >
    <div
      className="mdHidden calendar-day__event"
      style={
        Object {
          "backgroundColor": "#AAAAAA",
        }
      }
    />
    <span
      className="xsHidden calendar-day__event"
      onClick={[Function]}
      style={
        Object {
          "backgroundColor": "#AAAAAA",
          "color": "black",
        }
      }
    >
      Test Event
      <div
        className="calendar-day__event-hover-layer"
      >
        Test Event
      </div>
    </span>
  </div>
</td>
`;
