// Jest Snapshot v1, https://goo.gl/fbAQLP

exports[`CalendarDay renders correctly 1`] = `
<td
  className="calendar-day"
  onClick={[Function]}
>
  <span>
    1
  </span>
  <div
    className="calendar-day__events"
  >
    <div
      className="calendar-day__event event--test-event"
    >
      Test Event
    </div>
  </div>
  <span
    className="calendar-day__call-to-action"
  >
    Details &gt;&gt;
  </span>
</td>
`;
