// Jest Snapshot v1, https://goo.gl/fbAQLP

exports[`CalendarDay renders correctly 1`] = `
<td
  className="calendar-day"
>
  1
  <div
    className="calendar-day__events"
  >
    <div
      className="calendar-day__event calendar-day__event--test-event"
    >
      Test Event
    </div>
  </div>
</td>
`;
